<testsuites id="" name="" tests="1" failures="1" skipped="0" errors="0" time="61.013441">
<testsuite name="web\hr-payroll-journey.spec.ts" timestamp="2026-10-06T10:06:57.444Z" hostname="chromium" tests="1" failures="1" skipped="0" time="58.196" errors="0">
<testcase name="employee registration to payroll and reporting journey @master @regression @e2e @web" classname="web\hr-payroll-journey.spec.ts" time="58.196">
<system-out>
<![CDATA[
[[ATTACHMENT|..\test-results\web-hr-payroll-journey-emp-c5190-y-master-regression-e2e-web-chromium\test-failed-1.png]]

[[ATTACHMENT|..\test-results\web-hr-payroll-journey-emp-c5190-y-master-regression-e2e-web-chromium\video.webm]]

[[ATTACHMENT|..\test-results\web-hr-payroll-journey-emp-c5190-y-master-regression-e2e-web-chromium\error-context.md]]
]]>
</system-out>
<failure message="expect(received).toBe(expected) // Object.is equality" type="expect.toBe">
<![CDATA[  [chromium] › web\hr-payroll-journey.spec.ts:28:5 › employee registration to payroll and reporting journey @master @regression @e2e @web › 3) Register and verify the unique employee 

    Error: expect(received).toBe(expected) // Object.is equality

    Expected: "Accountant"
    Received: ""

    Call Log:
    - Timeout 15000ms exceeded while waiting on the predicate

       at ..\pages\EmployeeRegistrationDialog.ts:324

      322 |       await expect.poll(async () => (await input.inputValue()).trim(), {
      323 |         timeout: DROPDOWN_OPTION_TIMEOUT,
    > 324 |       }).toBe(value.trim());
          |          ^
      325 |     } catch (error) {
      326 |       if (error instanceof Error && error.name === 'TimeoutError') {
      327 |         throw new Error(`${fieldName} did not retain the requested value "${value}".`, {
        at EmployeeRegistrationDialog.selectCombo (E:\Playwright_AI-framework\pages\EmployeeRegistrationDialog.ts:324:10)
        at EmployeeRegistrationDialog.fillRequiredOfficialInformation (E:\Playwright_AI-framework\pages\EmployeeRegistrationDialog.ts:244:7)
        at E:\Playwright_AI-framework\tests\web\hr-payroll-journey.spec.ts:123:5
        at E:\Playwright_AI-framework\tests\web\hr-payroll-journey.spec.ts:105:3

    attachment #1: screenshot (image/png) ──────────────────────────────────────────────────────────
    ..\test-results\web-hr-payroll-journey-emp-c5190-y-master-regression-e2e-web-chromium\test-failed-1.png
    ────────────────────────────────────────────────────────────────────────────────────────────────

    attachment #2: video (video/webm) ──────────────────────────────────────────────────────────────
    ..\test-results\web-hr-payroll-journey-emp-c5190-y-master-regression-e2e-web-chromium\video.webm
    ────────────────────────────────────────────────────────────────────────────────────────────────

    Error Context: ..\test-results\web-hr-payroll-journey-emp-c5190-y-master-regression-e2e-web-chromium\error-context.md
]]>
</failure>
</testcase>
</testsuite>
</testsuites>